# @OSF_COPYRIGHT@
# COPYRIGHT NOTICE
# Copyright (c) 1990, 1991, 1992, 1993, 1996 Open Software Foundation, Inc.
# ALL RIGHTS RESERVED (DCE).  See the file named COPYRIGHT.DCE in the
# src directory for the full copyright text.
# 
# HISTORY 
# $Log: passwd_import_r.out,v $
# Revision 1.1.6.2  1996/03/11  02:34:58  marty
# 	Update OSF copyright years
# 	[1996/03/10  20:03:46  marty]
#
# Revision 1.1.6.1  1995/12/11  21:49:18  root
# 	Submit OSF/DCE 1.2.1
# 	[1995/12/11  21:35:56  root]
# 
# Revision 1.1.4.2  1992/12/31  17:30:38  htf
# 	Embedding copyright notice
# 	[1992/12/31  16:56:05  htf]
# 
# Revision 1.1.2.2  1992/05/14  21:33:28  cuti
# 	 Initail file creation for passwd_import testing.
# 	[1992/05/12  17:57:07  cuti]
# 
# $EndLog$

nobody [nogroup none]:*:-2:-2::/::
root [system none]:*:0:0::/::
daemon [daemon none]:*:1:1::/::
uucp [uucp none]:*:4:2::/usr/spool/uucppublic:/usr/lib/uucp/uucico:
bin [bin none]:*:3:3::/bin::
dce-ptgt [none none]:*:20:12::/::
dce-rgy [none none]:*:21:12::/::
krbtgt/xxxx [none none]:*:100:12::/::
hosts/xxxx/self [none none]:*:101:12::/::
Domain changed to: group
nogroup                                       -2
system                                         0
daemon                                         1
uucp                                           2
bin                                            3
kmem                                           4
mail                                           6
tty                                            7
none                                          12
tcb                                           18
Domain changed to: principal
nobody                                        -2
root                                           0
daemon                                         1
sys                                            2
bin                                            3
uucp                                           4
who                                            5
mail                                           6
tcb                                            9
dce-ptgt                                      20
dce-rgy                                       21
krbtgt/xxxx                                  100
hosts/xxxx/self                              101
bye.
