#
# @OSF_COPYRIGHT@
# COPYRIGHT NOTICE
# Copyright (c) 1990, 1991, 1992, 1993, 1996 Open Software Foundation, Inc.
# ALL RIGHTS RESERVED (DCE).  See the file named COPYRIGHT.DCE in the
# src directory for the full copyright text.
#  
# HISTORY
# $Log: passwd_import_er.out,v $
# Revision 1.1.6.2  1996/03/11  02:34:45  marty
# 	Update OSF copyright years
# 	[1996/03/10  20:03:39  marty]
#
# Revision 1.1.6.1  1995/12/11  21:49:04  root
# 	Submit OSF/DCE 1.2.1
# 	[1995/12/11  21:31:20  root]
# 
# $EndLog$
#

Preparing import files. (dce / sad)
/tmp/passwd - Unable to access passwd file (dce / sad)
Cannot continue after previous error - import operation terminated. (dce / sad)
 
Preparing import files. (dce / sad)
/tmp/group - Unable to access group file (dce / sad)
Cannot continue after previous error - import operation terminated. (dce / sad)
 
Preparing import files. (dce / sad)
/tmp/passwd - Unable to access passwd file (dce / sad)
Cannot continue after previous error - import operation terminated. (dce / sad)
 
Preparing import files. (dce / sad)
Setting up registry information. (dce / sad)
Verifying that the necessary Organization exists. (dce / sad)
org - Registry object not found (dce / sec)
Cannot continue after previous error - import operation terminated. (dce / sad)
Closing import files. (dce / sad)
Closing connection to registry. (dce / sad)
 

