encode_krb5_ticket: 61 5C 30 5A A0 03 02 01 05 A1 10 1B 0E 41 54 48 45 4E 41 2E 4D 49 54 2E 45 44 55 A2 1A 30 18 A0 03 02 01 01 A1 11 30 0F 1B 06 68 66 74 73 61 69 1B 05 65 78 74 72 61 A3 25 30 23 A0 03 02 01 00 A1 03 02 01 05 A2 17 04 15 6B 72 62 41 53 4E 2E 31 20 74 65 73 74 20 6D 65 73 73 61 67 65
encode_krb5_keyblock: 30 11 A0 03 02 01 01 A1 0A 04 08 31 32 33 34 35 36 37 38
encode_krb5_enc_tkt_part: 63 82 01 14 30 82 01 10 A0 07 03 05 00 FE DC BA 98 A1 13 30 11 A0 03 02 01 01 A1 0A 04 08 31 32 33 34 35 36 37 38 A2 10 1B 0E 41 54 48 45 4E 41 2E 4D 49 54 2E 45 44 55 A3 1A 30 18 A0 03 02 01 01 A1 11 30 0F 1B 06 68 66 74 73 61 69 1B 05 65 78 74 72 61 A4 2E 30 2C A0 03 02 01 01 A1 25 04 23 45 44 55 2C 4D 49 54 2E 2C 41 54 48 45 4E 41 2E 2C 57 41 53 48 49 4E 47 54 4F 4E 2E 45 44 55 2C 43 53 2E A5 11 18 0F 31 39 39 34 30 36 31 30 30 36 30 33 31 37 5A A6 11 18 0F 31 39 39 34 30 36 31 30 30 36 30 33 31 37 5A A7 11 18 0F 31 39 39 34 30 36 31 30 30 36 30 33 31 37 5A A8 11 18 0F 31 39 39 34 30 36 31 30 30 36 30 33 31 37 5A A9 20 30 1E 30 0D A0 03 02 01 02 A1 06 04 04 12 D0 00 23 30 0D A0 03 02 01 02 A1 06 04 04 12 D0 00 23 AA 24 30 22 30 0F A0 03 02 01 01 A1 08 04 06 66 6F 6F 62 61 72 30 0F A0 03 02 01 01 A1 08 04 06 66 6F 6F 62 61 72
encode_krb5_enc_kdc_rep_part: 7A 82 01 10 30 82 01 0C A0 13 30 11 A0 03 02 01 01 A1 0A 04 08 31 32 33 34 35 36 37 38 A1 38 30 36 30 19 A0 04 02 02 00 FB A1 11 18 0F 31 39 39 34 30 36 31 30 30 36 30 33 31 37 5A 30 19 A0 04 02 02 00 FB A1 11 18 0F 31 39 39 34 30 36 31 30 30 36 30 33 31 37 5A A2 03 02 01 2A A3 11 18 0F 31 39 39 34 30 36 31 30 30 36 30 33 31 37 5A A4 07 03 05 00 FE DC BA 98 A5 11 18 0F 31 39 39 34 30 36 31 30 30 36 30 33 31 37 5A A6 11 18 0F 31 39 39 34 30 36 31 30 30 36 30 33 31 37 5A A7 11 18 0F 31 39 39 34 30 36 31 30 30 36 30 33 31 37 5A A8 11 18 0F 31 39 39 34 30 36 31 30 30 36 30 33 31 37 5A A9 10 1B 0E 41 54 48 45 4E 41 2E 4D 49 54 2E 45 44 55 AA 1A 30 18 A0 03 02 01 01 A1 11 30 0F 1B 06 68 66 74 73 61 69 1B 05 65 78 74 72 61 AB 20 30 1E 30 0D A0 03 02 01 02 A1 06 04 04 12 D0 00 23 30 0D A0 03 02 01 02 A1 06 04 04 12 D0 00 23
encode_krb5_enc_kdc_rep_part(optionals NULL): 7A 81 B4 30 81 B1 A0 13 30 11 A0 03 02 01 01 A1 0A 04 08 31 32 33 34 35 36 37 38 A1 38 30 36 30 19 A0 04 02 02 00 FB A1 11 18 0F 31 39 39 34 30 36 31 30 30 36 30 33 31 37 5A 30 19 A0 04 02 02 00 FB A1 11 18 0F 31 39 39 34 30 36 31 30 30 36 30 33 31 37 5A A2 03 02 01 2A A4 07 03 05 00 FE 5C BA 98 A5 11 18 0F 31 39 39 34 30 36 31 30 30 36 30 33 31 37 5A A7 11 18 0F 31 39 39 34 30 36 31 30 30 36 30 33 31 37 5A A9 10 1B 0E 41 54 48 45 4E 41 2E 4D 49 54 2E 45 44 55 AA 1A 30 18 A0 03 02 01 01 A1 11 30 0F 1B 06 68 66 74 73 61 69 1B 05 65 78 74 72 61
encode_krb5_as_rep: 6B 81 EA 30 81 E7 A0 03 02 01 05 A1 03 02 01 0B A2 26 30 24 30 10 A1 03 02 01 0D A2 09 04 07 70 61 2D 64 61 74 61 30 10 A1 03 02 01 0D A2 09 04 07 70 61 2D 64 61 74 61 A3 10 1B 0E 41 54 48 45 4E 41 2E 4D 49 54 2E 45 44 55 A4 1A 30 18 A0 03 02 01 01 A1 11 30 0F 1B 06 68 66 74 73 61 69 1B 05 65 78 74 72 61 A5 5E 61 5C 30 5A A0 03 02 01 05 A1 10 1B 0E 41 54 48 45 4E 41 2E 4D 49 54 2E 45 44 55 A2 1A 30 18 A0 03 02 01 01 A1 11 30 0F 1B 06 68 66 74 73 61 69 1B 05 65 78 74 72 61 A3 25 30 23 A0 03 02 01 00 A1 03 02 01 05 A2 17 04 15 6B 72 62 41 53 4E 2E 31 20 74 65 73 74 20 6D 65 73 73 61 67 65 A6 25 30 23 A0 03 02 01 00 A1 03 02 01 05 A2 17 04 15 6B 72 62 41 53 4E 2E 31 20 74 65 73 74 20 6D 65 73 73 61 67 65
encode_krb5_as_rep(optionals NULL): 6B 81 C2 30 81 BF A0 03 02 01 05 A1 03 02 01 0B A3 10 1B 0E 41 54 48 45 4E 41 2E 4D 49 54 2E 45 44 55 A4 1A 30 18 A0 03 02 01 01 A1 11 30 0F 1B 06 68 66 74 73 61 69 1B 05 65 78 74 72 61 A5 5E 61 5C 30 5A A0 03 02 01 05 A1 10 1B 0E 41 54 48 45 4E 41 2E 4D 49 54 2E 45 44 55 A2 1A 30 18 A0 03 02 01 01 A1 11 30 0F 1B 06 68 66 74 73 61 69 1B 05 65 78 74 72 61 A3 25 30 23 A0 03 02 01 00 A1 03 02 01 05 A2 17 04 15 6B 72 62 41 53 4E 2E 31 20 74 65 73 74 20 6D 65 73 73 61 67 65 A6 25 30 23 A0 03 02 01 00 A1 03 02 01 05 A2 17 04 15 6B 72 62 41 53 4E 2E 31 20 74 65 73 74 20 6D 65 73 73 61 67 65
encode_krb5_tgs_rep: 6D 81 EA 30 81 E7 A0 03 02 01 05 A1 03 02 01 0D A2 26 30 24 30 10 A1 03 02 01 0D A2 09 04 07 70 61 2D 64 61 74 61 30 10 A1 03 02 01 0D A2 09 04 07 70 61 2D 64 61 74 61 A3 10 1B 0E 41 54 48 45 4E 41 2E 4D 49 54 2E 45 44 55 A4 1A 30 18 A0 03 02 01 01 A1 11 30 0F 1B 06 68 66 74 73 61 69 1B 05 65 78 74 72 61 A5 5E 61 5C 30 5A A0 03 02 01 05 A1 10 1B 0E 41 54 48 45 4E 41 2E 4D 49 54 2E 45 44 55 A2 1A 30 18 A0 03 02 01 01 A1 11 30 0F 1B 06 68 66 74 73 61 69 1B 05 65 78 74 72 61 A3 25 30 23 A0 03 02 01 00 A1 03 02 01 05 A2 17 04 15 6B 72 62 41 53 4E 2E 31 20 74 65 73 74 20 6D 65 73 73 61 67 65 A6 25 30 23 A0 03 02 01 00 A1 03 02 01 05 A2 17 04 15 6B 72 62 41 53 4E 2E 31 20 74 65 73 74 20 6D 65 73 73 61 67 65
encode_krb5_tgs_rep(optionals NULL): 6D 81 C2 30 81 BF A0 03 02 01 05 A1 03 02 01 0D A3 10 1B 0E 41 54 48 45 4E 41 2E 4D 49 54 2E 45 44 55 A4 1A 30 18 A0 03 02 01 01 A1 11 30 0F 1B 06 68 66 74 73 61 69 1B 05 65 78 74 72 61 A5 5E 61 5C 30 5A A0 03 02 01 05 A1 10 1B 0E 41 54 48 45 4E 41 2E 4D 49 54 2E 45 44 55 A2 1A 30 18 A0 03 02 01 01 A1 11 30 0F 1B 06 68 66 74 73 61 69 1B 05 65 78 74 72 61 A3 25 30 23 A0 03 02 01 00 A1 03 02 01 05 A2 17 04 15 6B 72 62 41 53 4E 2E 31 20 74 65 73 74 20 6D 65 73 73 61 67 65 A6 25 30 23 A0 03 02 01 00 A1 03 02 01 05 A2 17 04 15 6B 72 62 41 53 4E 2E 31 20 74 65 73 74 20 6D 65 73 73 61 67 65
encode_krb5_ap_req: 6E 81 9D 30 81 9A A0 03 02 01 05 A1 03 02 01 0E A2 07 03 05 00 FE DC BA 98 A3 5E 61 5C 30 5A A0 03 02 01 05 A1 10 1B 0E 41 54 48 45 4E 41 2E 4D 49 54 2E 45 44 55 A2 1A 30 18 A0 03 02 01 01 A1 11 30 0F 1B 06 68 66 74 73 61 69 1B 05 65 78 74 72 61 A3 25 30 23 A0 03 02 01 00 A1 03 02 01 05 A2 17 04 15 6B 72 62 41 53 4E 2E 31 20 74 65 73 74 20 6D 65 73 73 61 67 65 A4 25 30 23 A0 03 02 01 00 A1 03 02 01 05 A2 17 04 15 6B 72 62 41 53 4E 2E 31 20 74 65 73 74 20 6D 65 73 73 61 67 65
encode_krb5_ap_rep: 6F 33 30 31 A0 03 02 01 05 A1 03 02 01 0F A2 25 30 23 A0 03 02 01 00 A1 03 02 01 05 A2 17 04 15 6B 72 62 41 53 4E 2E 31 20 74 65 73 74 20 6D 65 73 73 61 67 65
encode_krb5_ap_rep_enc_part: 7B 36 30 34 A0 11 18 0F 31 39 39 34 30 36 31 30 30 36 30 33 31 37 5A A1 05 02 03 01 E2 40 A2 13 30 11 A0 03 02 01 01 A1 0A 04 08 31 32 33 34 35 36 37 38 A3 03 02 01 11
encode_krb5_ap_rep_enc_part(optionals NULL): 7B 1C 30 1A A0 11 18 0F 31 39 39 34 30 36 31 30 30 36 30 33 31 37 5A A1 05 02 03 01 E2 40
encode_krb5_as_req: 6A 82 01 E4 30 82 01 E0 A1 03 02 01 05 A2 03 02 01 0A A3 26 30 24 30 10 A1 03 02 01 0D A2 09 04 07 70 61 2D 64 61 74 61 30 10 A1 03 02 01 0D A2 09 04 07 70 61 2D 64 61 74 61 A4 82 01 AA 30 82 01 A6 A0 07 03 05 00 FE DC BA 90 A1 1A 30 18 A0 03 02 01 01 A1 11 30 0F 1B 06 68 66 74 73 61 69 1B 05 65 78 74 72 61 A2 10 1B 0E 41 54 48 45 4E 41 2E 4D 49 54 2E 45 44 55 A3 1A 30 18 A0 03 02 01 01 A1 11 30 0F 1B 06 68 66 74 73 61 69 1B 05 65 78 74 72 61 A4 11 18 0F 31 39 39 34 30 36 31 30 30 36 30 33 31 37 5A A5 11 18 0F 31 39 39 34 30 36 31 30 30 36 30 33 31 37 5A A6 11 18 0F 31 39 39 34 30 36 31 30 30 36 30 33 31 37 5A A7 03 02 01 2A A8 08 30 06 02 01 00 02 01 01 A9 20 30 1E 30 0D A0 03 02 01 02 A1 06 04 04 12 D0 00 23 30 0D A0 03 02 01 02 A1 06 04 04 12 D0 00 23 AA 25 30 23 A0 03 02 01 00 A1 03 02 01 05 A2 17 04 15 6B 72 62 41 53 4E 2E 31 20 74 65 73 74 20 6D 65 73 73 61 67 65 AB 81 BF 30 81 BC 61 5C 30 5A A0 03 02 01 05 A1 10 1B 0E 41 54 48 45 4E 41 2E 4D 49 54 2E 45 44 55 A2 1A 30 18 A0 03 02 01 01 A1 11 30 0F 1B 06 68 66 74 73 61 69 1B 05 65 78 74 72 61 A3 25 30 23 A0 03 02 01 00 A1 03 02 01 05 A2 17 04 15 6B 72 62 41 53 4E 2E 31 20 74 65 73 74 20 6D 65 73 73 61 67 65 61 5C 30 5A A0 03 02 01 05 A1 10 1B 0E 41 54 48 45 4E 41 2E 4D 49 54 2E 45 44 55 A2 1A 30 18 A0 03 02 01 01 A1 11 30 0F 1B 06 68 66 74 73 61 69 1B 05 65 78 74 72 61 A3 25 30 23 A0 03 02 01 00 A1 03 02 01 05 A2 17 04 15 6B 72 62 41 53 4E 2E 31 20 74 65 73 74 20 6D 65 73 73 61 67 65
encode_krb5_as_req(optionals NULL except server): 6A 69 30 67 A1 03 02 01 05 A2 03 02 01 0A A4 5B 30 59 A0 07 03 05 00 FE DC BA 90 A2 10 1B 0E 41 54 48 45 4E 41 2E 4D 49 54 2E 45 44 55 A3 1A 30 18 A0 03 02 01 01 A1 11 30 0F 1B 06 68 66 74 73 61 69 1B 05 65 78 74 72 61 A5 11 18 0F 31 39 39 34 30 36 31 30 30 36 30 33 31 37 5A A7 03 02 01 2A A8 08 30 06 02 01 00 02 01 01
encode_krb5_tgs_req: 6C 82 01 E4 30 82 01 E0 A1 03 02 01 05 A2 03 02 01 0C A3 26 30 24 30 10 A1 03 02 01 0D A2 09 04 07 70 61 2D 64 61 74 61 30 10 A1 03 02 01 0D A2 09 04 07 70 61 2D 64 61 74 61 A4 82 01 AA 30 82 01 A6 A0 07 03 05 00 FE DC BA 90 A1 1A 30 18 A0 03 02 01 01 A1 11 30 0F 1B 06 68 66 74 73 61 69 1B 05 65 78 74 72 61 A2 10 1B 0E 41 54 48 45 4E 41 2E 4D 49 54 2E 45 44 55 A3 1A 30 18 A0 03 02 01 01 A1 11 30 0F 1B 06 68 66 74 73 61 69 1B 05 65 78 74 72 61 A4 11 18 0F 31 39 39 34 30 36 31 30 30 36 30 33 31 37 5A A5 11 18 0F 31 39 39 34 30 36 31 30 30 36 30 33 31 37 5A A6 11 18 0F 31 39 39 34 30 36 31 30 30 36 30 33 31 37 5A A7 03 02 01 2A A8 08 30 06 02 01 00 02 01 01 A9 20 30 1E 30 0D A0 03 02 01 02 A1 06 04 04 12 D0 00 23 30 0D A0 03 02 01 02 A1 06 04 04 12 D0 00 23 AA 25 30 23 A0 03 02 01 00 A1 03 02 01 05 A2 17 04 15 6B 72 62 41 53 4E 2E 31 20 74 65 73 74 20 6D 65 73 73 61 67 65 AB 81 BF 30 81 BC 61 5C 30 5A A0 03 02 01 05 A1 10 1B 0E 41 54 48 45 4E 41 2E 4D 49 54 2E 45 44 55 A2 1A 30 18 A0 03 02 01 01 A1 11 30 0F 1B 06 68 66 74 73 61 69 1B 05 65 78 74 72 61 A3 25 30 23 A0 03 02 01 00 A1 03 02 01 05 A2 17 04 15 6B 72 62 41 53 4E 2E 31 20 74 65 73 74 20 6D 65 73 73 61 67 65 61 5C 30 5A A0 03 02 01 05 A1 10 1B 0E 41 54 48 45 4E 41 2E 4D 49 54 2E 45 44 55 A2 1A 30 18 A0 03 02 01 01 A1 11 30 0F 1B 06 68 66 74 73 61 69 1B 05 65 78 74 72 61 A3 25 30 23 A0 03 02 01 00 A1 03 02 01 05 A2 17 04 15 6B 72 62 41 53 4E 2E 31 20 74 65 73 74 20 6D 65 73 73 61 67 65
encode_krb5_tgs_req(optionals NULL except server): 6C 69 30 67 A1 03 02 01 05 A2 03 02 01 0C A4 5B 30 59 A0 07 03 05 00 FE DC BA 90 A2 10 1B 0E 41 54 48 45 4E 41 2E 4D 49 54 2E 45 44 55 A3 1A 30 18 A0 03 02 01 01 A1 11 30 0F 1B 06 68 66 74 73 61 69 1B 05 65 78 74 72 61 A5 11 18 0F 31 39 39 34 30 36 31 30 30 36 30 33 31 37 5A A7 03 02 01 2A A8 08 30 06 02 01 00 02 01 01
encode_krb5_kdc_req_body: 30 82 01 A6 A0 07 03 05 00 FE DC BA 90 A1 1A 30 18 A0 03 02 01 01 A1 11 30 0F 1B 06 68 66 74 73 61 69 1B 05 65 78 74 72 61 A2 10 1B 0E 41 54 48 45 4E 41 2E 4D 49 54 2E 45 44 55 A3 1A 30 18 A0 03 02 01 01 A1 11 30 0F 1B 06 68 66 74 73 61 69 1B 05 65 78 74 72 61 A4 11 18 0F 31 39 39 34 30 36 31 30 30 36 30 33 31 37 5A A5 11 18 0F 31 39 39 34 30 36 31 30 30 36 30 33 31 37 5A A6 11 18 0F 31 39 39 34 30 36 31 30 30 36 30 33 31 37 5A A7 03 02 01 2A A8 08 30 06 02 01 00 02 01 01 A9 20 30 1E 30 0D A0 03 02 01 02 A1 06 04 04 12 D0 00 23 30 0D A0 03 02 01 02 A1 06 04 04 12 D0 00 23 AA 25 30 23 A0 03 02 01 00 A1 03 02 01 05 A2 17 04 15 6B 72 62 41 53 4E 2E 31 20 74 65 73 74 20 6D 65 73 73 61 67 65 AB 81 BF 30 81 BC 61 5C 30 5A A0 03 02 01 05 A1 10 1B 0E 41 54 48 45 4E 41 2E 4D 49 54 2E 45 44 55 A2 1A 30 18 A0 03 02 01 01 A1 11 30 0F 1B 06 68 66 74 73 61 69 1B 05 65 78 74 72 61 A3 25 30 23 A0 03 02 01 00 A1 03 02 01 05 A2 17 04 15 6B 72 62 41 53 4E 2E 31 20 74 65 73 74 20 6D 65 73 73 61 67 65 61 5C 30 5A A0 03 02 01 05 A1 10 1B 0E 41 54 48 45 4E 41 2E 4D 49 54 2E 45 44 55 A2 1A 30 18 A0 03 02 01 01 A1 11 30 0F 1B 06 68 66 74 73 61 69 1B 05 65 78 74 72 61 A3 25 30 23 A0 03 02 01 00 A1 03 02 01 05 A2 17 04 15 6B 72 62 41 53 4E 2E 31 20 74 65 73 74 20 6D 65 73 73 61 67 65
encode_krb5_kdc_req_body(optionals NULL except server): 30 59 A0 07 03 05 00 FE DC BA 90 A2 10 1B 0E 41 54 48 45 4E 41 2E 4D 49 54 2E 45 44 55 A3 1A 30 18 A0 03 02 01 01 A1 11 30 0F 1B 06 68 66 74 73 61 69 1B 05 65 78 74 72 61 A5 11 18 0F 31 39 39 34 30 36 31 30 30 36 30 33 31 37 5A A7 03 02 01 2A A8 08 30 06 02 01 00 02 01 01
encode_krb5_safe: 74 6E 30 6C A0 03 02 01 05 A1 03 02 01 14 A2 4F 30 4D A0 0A 04 08 6B 72 62 35 64 61 74 61 A1 11 18 0F 31 39 39 34 30 36 31 30 30 36 30 33 31 37 5A A2 05 02 03 01 E2 40 A3 03 02 01 11 A4 0F 30 0D A0 03 02 01 02 A1 06 04 04 12 D0 00 23 A5 0F 30 0D A0 03 02 01 02 A1 06 04 04 12 D0 00 23 A3 0F 30 0D A0 03 02 01 01 A1 06 04 04 31 32 33 34
encode_krb5_safe(optionals NULL): 74 3E 30 3C A0 03 02 01 05 A1 03 02 01 14 A2 1F 30 1D A0 0A 04 08 6B 72 62 35 64 61 74 61 A4 0F 30 0D A0 03 02 01 02 A1 06 04 04 12 D0 00 23 A3 0F 30 0D A0 03 02 01 01 A1 06 04 04 31 32 33 34
encode_krb5_priv: 75 33 30 31 A0 03 02 01 05 A1 03 02 01 15 A3 25 30 23 A0 03 02 01 00 A1 03 02 01 05 A2 17 04 15 6B 72 62 41 53 4E 2E 31 20 74 65 73 74 20 6D 65 73 73 61 67 65
encode_krb5_enc_priv_part: 7C 4F 30 4D A0 0A 04 08 6B 72 62 35 64 61 74 61 A1 11 18 0F 31 39 39 34 30 36 31 30 30 36 30 33 31 37 5A A2 05 02 03 01 E2 40 A3 03 02 01 11 A4 0F 30 0D A0 03 02 01 02 A1 06 04 04 12 D0 00 23 A5 0F 30 0D A0 03 02 01 02 A1 06 04 04 12 D0 00 23
encode_krb5_enc_priv_part(optionals NULL): 7C 1F 30 1D A0 0A 04 08 6B 72 62 35 64 61 74 61 A4 0F 30 0D A0 03 02 01 02 A1 06 04 04 12 D0 00 23
encode_krb5_error: 7E 81 BA 30 81 B7 A0 03 02 01 05 A1 03 02 01 1E A2 11 18 0F 31 39 39 34 30 36 31 30 30 36 30 33 31 37 5A A3 05 02 03 01 E2 40 A4 11 18 0F 31 39 39 34 30 36 31 30 30 36 30 33 31 37 5A A5 05 02 03 01 E2 40 A6 03 02 01 3C A7 10 1B 0E 41 54 48 45 4E 41 2E 4D 49 54 2E 45 44 55 A8 1A 30 18 A0 03 02 01 01 A1 11 30 0F 1B 06 68 66 74 73 61 69 1B 05 65 78 74 72 61 A9 10 1B 0E 41 54 48 45 4E 41 2E 4D 49 54 2E 45 44 55 AA 1A 30 18 A0 03 02 01 01 A1 11 30 0F 1B 06 68 66 74 73 61 69 1B 05 65 78 74 72 61 AB 0A 1B 08 6B 72 62 35 64 61 74 61 AC 0A 04 08 6B 72 62 35 64 61 74 61
encode_krb5_error(optionals NULL): 7E 60 30 5E A0 03 02 01 05 A1 03 02 01 1E A3 05 02 03 01 E2 40 A4 11 18 0F 31 39 39 34 30 36 31 30 30 36 30 33 31 37 5A A5 05 02 03 01 E2 40 A6 03 02 01 3C A9 10 1B 0E 41 54 48 45 4E 41 2E 4D 49 54 2E 45 44 55 AA 1A 30 18 A0 03 02 01 01 A1 11 30 0F 1B 06 68 66 74 73 61 69 1B 05 65 78 74 72 61
encode_krb5_authorization_data: 30 22 30 0F A0 03 02 01 01 A1 08 04 06 66 6F 6F 62 61 72 30 0F A0 03 02 01 01 A1 08 04 06 66 6F 6F 62 61 72
